// Jest Snapshot v1, https://goo.gl/fbAQLP

exports[`Post render correctly 1`] = `
<div
  className="post"
>
  <h3
    className="post__header"
  >
    A_TITLE
  </h3>
  <p
    className="post__body"
  >
    A_BODY
  </p>
</div>
`;
